// Jest Snapshot v1, https://goo.gl/fbAQLP

exports[`CountryRow Snapshot should match base snapshot 1`] = `null`;
